// Jest Snapshot v1, https://goo.gl/fbAQLP

exports[`render App 1`] = `
<DocumentFragment>
  <div
    class="css-5simcc"
  >
    <div
      class="css-1co368a"
    >
      <p>
        Game of Life
      </p>
    </div>
    <div
      class="css-xt4orx"
      role="dataList"
    >
      <section
        class="css-hsjawn"
        role="cellsGrid"
      >
        <div
          class="css-1vrw23c"
          role="cellContainer-0"
        >
          <span
            class="css-b7hmd9"
            role="cellContent"
          />
        </div>
        <div
          class="css-x1m0eg"
          role="cellContainer-1"
        >
          <span
            class="css-b7hmd9"
            role="cellContent"
          />
        </div>
        <div
          class="css-re5xc0"
          role="cellContainer-2"
        >
          <span
            class="css-b7hmd9"
            role="cellContent"
          />
        </div>
        <div
          class="css-1vrw23c"
          role="cellContainer-3"
        >
          <span
            class="css-b7hmd9"
            role="cellContent"
          />
        </div>
        <div
          class="css-x1m0eg"
          role="cellContainer-4"
        >
          <span
            class="css-b7hmd9"
            role="cellContent"
          />
        </div>
        <div
          class="css-re5xc0"
          role="cellContainer-5"
        >
          <span
            class="css-b7hmd9"
            role="cellContent"
          />
        </div>
        <div
          class="css-1vrw23c"
          role="cellContainer-6"
        >
          <span
            class="css-b7hmd9"
            role="cellContent"
          />
        </div>
        <div
          class="css-x1m0eg"
          role="cellContainer-7"
        >
          <span
            class="css-b7hmd9"
            role="cellContent"
          />
        </div>
        <div
          class="css-re5xc0"
          role="cellContainer-8"
        >
          <span
            class="css-b7hmd9"
            role="cellContent"
          />
        </div>
        <div
          style="clear: both;"
        />
      </section>
    </div>
    <div
      class="css-1co368a"
    >
      <p
        role="userCount"
      >
        Результат
      </p>
    </div>
  </div>
</DocumentFragment>
`;
